// Jest Snapshot v1, https://goo.gl/fbAQLP

exports[`HeaderBack renders correctly 1`] = `
<View
  style={
    Array [
      Object {
        "alignItems": "center",
        "flexDirection": "row",
        "height": 60,
        "width": "100%",
      },
      undefined,
    ]
  }
>
  <View
    accessible={true}
    isTVSelectable={true}
    onResponderGrant={[Function]}
    onResponderMove={[Function]}
    onResponderRelease={[Function]}
    onResponderTerminate={[Function]}
    onResponderTerminationRequest={[Function]}
    onStartShouldSetResponder={[Function]}
    style={
      Object {
        "alignItems": "center",
        "opacity": 1,
        "width": "25%",
      }
    }
  >
    <Icon
      color="white"
      name="long-arrow-alt-left"
      size={25}
    />
  </View>
  <Text
    style={
      Array [
        Object {
          "color": "white",
          "fontSize": 20,
          "fontWeight": "bold",
          "textAlign": "center",
          "width": "50%",
        },
        undefined,
      ]
    }
  >
    $screen_title$
  </Text>
</View>
`;
