// Jest Snapshot v1, https://goo.gl/fbAQLP

exports[`Loader renders correctly 1`] = `
<View
  style={
    Array [
      Object {
        "alignItems": "center",
        "marginBottom": 10,
        "marginLeft": 10,
        "marginRight": 10,
        "marginTop": 10,
      },
      undefined,
    ]
  }
>
  <View
    style={
      Object {
        "alignItems": "center",
        "opacity": 0,
        "transform": Array [
          Object {
            "rotate": "0deg",
          },
        ],
        "width": 46,
      }
    }
  >
    <View
      style={
        Array [
          Object {
            "alignItems": "center",
            "borderColor": "white",
            "borderRadius": 23,
            "borderWidth": 2,
            "height": 46,
            "justifyContent": "center",
            "width": 46,
          },
          undefined,
        ]
      }
    >
      <View
        style={
          Array [
            Object {
              "backgroundColor": "white",
              "borderRadius": 12,
              "height": 24,
              "width": 24,
            },
            undefined,
          ]
        }
      />
    </View>
    <View
      style={
        Array [
          Object {
            "backgroundColor": "white",
            "borderRadius": 7,
            "height": 14,
            "left": 34,
            "position": "absolute",
            "top": 0,
            "width": 14,
          },
          undefined,
        ]
      }
    />
  </View>
</View>
`;
