// Jest Snapshot v1, https://goo.gl/fbAQLP

exports[`PushableWrapper renders correctly 1`] = `
<View
  accessible={true}
  isTVSelectable={true}
  onResponderGrant={[Function]}
  onResponderMove={[Function]}
  onResponderRelease={[Function]}
  onResponderTerminate={[Function]}
  onResponderTerminationRequest={[Function]}
  onStartShouldSetResponder={[Function]}
  style={
    Object {
      "opacity": 1,
    }
  }
>
  <View
    style={
      Object {
        "opacity": 0,
        "transform": Array [
          Object {
            "scale": 1,
          },
        ],
      }
    }
  />
</View>
`;
