// Jest Snapshot v1, https://goo.gl/fbAQLP

exports[`screenBackground renders correctly 1`] = `
<BVLinearGradient
  colors={
    Array [
      4281807976,
      4280427575,
    ]
  }
  endPoint={
    Object {
      "x": 0.5,
      "y": 1,
    }
  }
  locations={null}
  startPoint={
    Object {
      "x": 0,
      "y": 0.25,
    }
  }
/>
`;
