// Jest Snapshot v1, https://goo.gl/fbAQLP

exports[`Pushable renders correctly 1`] = `
<View
  accessible={true}
  focusable={true}
  onClick={[Function]}
  onResponderGrant={[Function]}
  onResponderMove={[Function]}
  onResponderRelease={[Function]}
  onResponderTerminate={[Function]}
  onResponderTerminationRequest={[Function]}
  onStartShouldSetResponder={[Function]}
  style={
    Object {
      "transform": Array [
        Object {
          "scale": 1,
        },
      ],
    }
  }
/>
`;
